Microchip MPLAB XC8 Compiler V1.41 ()

Linker command line:

-W-3 --edf=C:\Program Files (x86)\Microchip\xc8\v1.41\dat\en_msgs.txt -cs \
  -h+dist/default/production\AB-1.X.production.sym \
  --cmf=dist/default/production\AB-1.X.production.cmf -z -Q18LF66K40 \
  -oC:\Users\R&D\AppData\Local\Temp\s5c8.2 \
  -Mdist/default/production/AB-1.X.production.map -E1 -ver=XC8 \
  -ASTACK=0755h-0dddh -pstack=STACK -ACODE=00h-0FC7Bh -ACONST=00h-0FC7Bh \
  -ASMALLCONST=0E00h-0EFFhx238,0FC00h-0FC7Bh -AMEDIUMCONST=0E00h-0FC7Bh \
  -ACOMRAM=01h-05Fh -AABS1=00h-0DDDh -ABIGRAM=01h-0DDDh \
  -ARAM=060h-0FFh,0100h-01FFhx12,0D00h-0DDDh -ABANK0=060h-0FFh \
  -ABANK1=0100h-01FFh -ABANK2=0200h-02FFh -ABANK3=0300h-03FFh \
  -ABANK4=0400h-04FFh -ABANK5=0500h-05FFh -ABANK6=0600h-06FFh \
  -ABANK7=0700h-07FFh -ABANK8=0800h-08FFh -ABANK9=0900h-09FFh \
  -ABANK10=0A00h-0AFFh -ABANK11=0B00h-0BFFh -ABANK12=0C00h-0CFFh \
  -ABANK13=0D00h-0DDDh \
  -ASFR=0DDEh-0DFFh,0E00h-0EFFh,0F00h-0F5Fh,0F60h-0FFFh \
  -preset_vec=00h,intcode=08h,intcodelo,powerup,init -pramtop=0E00h \
  -psmallconst=SMALLCONST -pmediumconst=MEDIUMCONST -pconst=CONST \
  -AFARRAM=00h-00h -ACONFIG=0300000h-030000Bh -pconfig=CONFIG \
  -AIDLOC=0200000h-020000Fh -pidloc=IDLOC -AEEDATA=0310000h-03103FFh \
  -peeprom_data=EEDATA \
  -prdata=COMRAM,nvrram=COMRAM,nvbit=COMRAM,rbss=COMRAM,rbit=COMRAM \
  -pfarbss=FARRAM,fardata=FARRAM,nvFARRAM=FARRAM \
  -pintsave_regs=BIGRAM,bigbss=BIGRAM,bigdata=BIGRAM -pbss=RAM \
  -pidata=CODE,irdata=CODE,ibigdata=CODE,ifardata=CODE -prparam=COMRAM \
  C:\Users\R&D\AppData\Local\Temp\s5c8.obj \
  dist/default/production\AB-1.X.production.obj 

Object code version is 3.11

Machine type is 18LF66K40

Call graph: (short form)




                Name                               Link     Load   Length Selector   Space Scale
C:\Users\R&D\AppData\Local\Temp\s5c8.obj
                init                                17E      17E        4        4       0
                reset_vec                             0        0        4        0       0
                idloc                            200000   200000       10   200000       0
                config                           300000   300000        C   300000       0
dist/default/production\AB-1.X.production.obj
                intcode                               8        8      176        4       0
                temp                                 57       57        1        1       1
                text219                            7ACA     7ACA       12     3C4F       0
                text218                            6568     6568       6E        4       0
                text217                            7AB8     7AB8       12     3C4F       0
                text216                            7AA6     7AA6       12     3C4F       0
                text215                            6E4C     6E4C       48        4       0
                text214                            7866     7866       1C        4       0
                text213                            784A     784A       1C        4       0
                text212                            782E     782E       1C        4       0
                text211                            75D4     75D4       28        4       0
                text210                            41D6     41D6      10C        4       0
                text209                            7730     7730       1E        4       0
                text208                            712E     712E       38        4       0
                text207                            6014     6014       92        4       0
                text206                            79CE     79CE       18     3C4F       0
                text205                            5510     5510       BE        4       0
                text204                            7954     7954       1A     3C4F       0
                text203                            6BD6     6BD6       56        4       0
                text202                            6DBA     6DBA       4A        4       0
                text201                            5DC6     5DC6       96        4       0
                text200                            7812     7812       1C        4       0
                text199                            6F5C     6F5C       40        4       0
                text198                            77F6     77F6       1C        4       0
                text197                            7BC4     7BC4        8     3C4F       0
                text196                            74DA     74DA       2C        4       0
                text195                            5E5C     5E5C       94        4       0
                text194                            60A6     60A6       8E        4       0
                text193                            4DD6     4DD6       DA        4       0
                text192                            538A     538A       C4        4       0
                text191                            6F9C     6F9C       3E        4       0
                text190                            7712     7712       1E        4       0
                text189                            648A     648A       70        4       0
                text188                            70F6     70F6       38        4       0
                text187                            7A94     7A94       12     3C4F       0
                text186                            7368     7368       30        4       0
                text185                            6B26     6B26       5A        4       0
                text184                            7A82     7A82       12     3C4F       0
                text183                            79B6     79B6       18     3C4F       0
                text182                            76F2     76F2       20        4       0
                text181                            76D2     76D2       20        4       0
                text180                            5F82     5F82       92        4       0
                text179                            4CF8     4CF8       DE        4       0
                text178                            72A2     72A2       34        4       0
                text177                            63A6     63A6       74        4       0
                text176                            7A70     7A70       12     3C4F       0
                text175                            7338     7338       30        4       0
                text174                            6ACC     6ACC       5A        4       0
                text173                            7A5E     7A5E       12     3C4F       0
                text172                            4C1A     4C1A       DE        4       0
                text171                            726E     726E       34        4       0
                text170                            6332     6332       74        4       0
                text169                            58AA     58AA       B0        4       0
                text168                            7648     7648       26        4       0
                text167                            5EF0     5EF0       92        4       0
                text166                            33CA     33CA      172        4       0
                text165                            793A     793A       1A     3C4F       0
                text164                            7920     7920       1A     3C4F       0
                text163                            7BBC     7BBC        8     3C4F       0
                text162                            6134     6134       8A        4       0
                text161                            799E     799E       18     3C4F       0
                text160                            7BB4     7BB4        8     3C4F       0
                text159                            5D30     5D30       96        4       0
                text158                            7B8A     7B8A        A     3C4F       0
                text157                            7BFC     7BFC        4     3C4F       0
                text156                            7BF8     7BF8        4     3C4F       0
                text155                            7A26     7A26       14     3C4F       0
                text154                            7B6A     7B6A        C     3C4F       0
                text152                            69B6     69B6       5E        4       0
                text151                            74AC     74AC       2E        4       0
                text150                            719C     719C       36        4       0
                text149                            57FA     57FA       B0        4       0
                text148                            6A70     6A70       5C        4       0
                text147                            7166     7166       36        4       0
                text146                            2D42     2D42      1BE        4       0
                text145                            766E     766E       24        4       0
                text144                            7906     7906       1A     3C4F       0
                text143                            6246     6246       78        4       0
                text142                            66A6     66A6       66        4       0
                text141                            3D44     3D44      132        4       0
                text140                            747E     747E       2E        4       0
                text139                            70BE     70BE       38        4       0
                text138                            62BE     62BE       74        4       0
                text137                            3258     3258      172        4       0
                text136                            3FA6     3FA6      11C        4       0
                text135                            5A08     5A08       AE        4       0
                text134                            10BE     10BE      376        4       0
                text133                            3818     3818      160        4       0
                text132                            353C     353C      170        4       0
                text131                            45D0     45D0       EA        4       0
                text130                            7A4C     7A4C       12     3C4F       0
                text129                            7B08     7B08        E     3C4F       0
                text128                            3C10     3C10      134        4       0
                text127                            5744     5744       B6        4       0
                text126                            4EB0     4EB0       D8        4       0
                text125                            2F00     2F00      1B4        4       0
                text124                            40C2     40C2      114        4       0
                text123                            6956     6956       60        4       0
                text122                            7BDE     7BDE        6     3C4F       0
                text121                            67D4     67D4       62        4       0
                text120                            7BAC     7BAC        8     3C4F       0
                text119                            7BA4     7BA4        8     3C4F       0
                text118                            7B9C     7B9C        8     3C4F       0
                text117                            7B94     7B94        8     3C4F       0
                text116                            3978     3978      152        4       0
                text115                            7B5E     7B5E        C     3C4F       0
                text114                            2B42     2B42      200        4       0
                text113                            7986     7986       18     3C4F       0
                text112                            1770     1770      2E6        4       0
                text111                            6770     6770       64        4       0
                text110                            7B52     7B52        C     3C4F       0
                text109                            7BD8     7BD8        6     3C4F       0
                text108                            61BE     61BE       88        4       0
                text107                            5B5A     5B5A       A2        4       0
                text106                            7450     7450       2E        4       0
                text105                            55CE     55CE       BC        4       0
                text104                            2720     2720      21E        4       0
                text103                            4A52     4A52       E6        4       0
                text102                            7422     7422       2E        4       0
                text101                            496C     496C       E6        4       0
                text100                            595A     595A       AE        4       0
                text99                             505A     505A       D2        4       0
                text98                             73F4     73F4       2E        4       0
                text97                             4886     4886       E6        4       0
                text96                             723A     723A       34        4       0
                text95                             44DE     44DE       F2        4       0
                text94                             4F88     4F88       D2        4       0
                text93                             73C6     73C6       2E        4       0
                text92                             47A0     47A0       E6        4       0
                text91                             7398     7398       2E        4       0
                text90                             46BA     46BA       E6        4       0
                text89                             568A     568A       BA        4       0
                text88                             30B4     30B4      1A4        4       0
                text87                             7BF4     7BF4        4     3C4F       0
                text86                             7AFA     7AFA        E     3C4F       0
                text85                             68F6     68F6       60        4       0
                text84                             7BF0     7BF0        4     3C4F       0
                text83                             7B46     7B46        C     3C4F       0
                text82                             7B3A     7B3A        C     3C4F       0
                text81                             78EC     78EC       1A     3C4F       0
                text80                             78D2     78D2       1A     3C4F       0
                text79                             64FA     64FA       6E        4       0
                text78                             663E     663E       68        4       0
                text77                             6F1A     6F1A       42        4       0
                text76                             75AC     75AC       28        4       0
                text75                             79FC     79FC       16     3C4F       0
                text74                             7BEC     7BEC        4     3C4F       0
                text73                             6E04     6E04       48        4       0
                text72                             755A     755A       2A        4       0
                text71                             6896     6896       60        4       0
                text70                             6C7E     6C7E       52        4       0
                text69                             3ACA     3ACA      146        4       0
                text68                             512C     512C       CC        4       0
                text67                             670C     670C       64        4       0
                text66                             24EC     24EC      234        4       0
                text65                             5C9A     5C9A       96        4       0
                text64                             7206     7206       34        4       0
                text63                             1FD8     1FD8      2B6        4       0
                text62                             65D6     65D6       68        4       0
                text61                             36AC     36AC      16C        4       0
                text60                             52C2     52C2       C8        4       0
                text59                             6D70     6D70       4A        4       0
                text58                             71D2     71D2       34        4       0
                text57                             4B38     4B38       E2        4       0
                text56                             7AEC     7AEC        E     3C4F       0
                text55                             7BE8     7BE8        4     3C4F       0
                text54                             7BD2     7BD2        6     3C4F       0
                text53                             78B8     78B8       1A     3C4F       0
                text52                             7BE4     7BE4        4     3C4F       0
                text51                             6C2C     6C2C       52        4       0
                text50                             77DA     77DA       1C        4       0
                text49                             77BE     77BE       1C        4       0
                text48                             77A2     77A2       1C        4       0
                text47                             7584     7584       28        4       0
                text46                             3E76     3E76      130        4       0
                text45                             5AB6     5AB6       A4        4       0
                text44                             796E     796E       18     3C4F       0
                text43                             43E8     43E8       F6        4       0
                text42                             789E     789E       1A     3C4F       0
                text41                             6A14     6A14       5C        4       0
                text40                             7A3A     7A3A       12     3C4F       0
                text39                             7786     7786       1C        4       0
                text38                             6ED8     6ED8       42        4       0
                text37                             1A56     1A56      2C2        4       0
                text36                             7B2E     7B2E        C     3C4F       0
                text35                             228E     228E      25E        4       0
                text34                              CDA      CDA      3E4        4       0
                text33                             1434     1434      33C        4       0
                text32                             776A     776A       1C        4       0
                text31                             641A     641A       70        4       0
                text30                             6E94     6E94       44        4       0
                text29                             42E2     42E2      106        4       0
                text28                             293E     293E      204        4       0
                text27                             1D18     1D18      2C0        4       0
                text26                             7B80     7B80        A     3C4F       0
                text25                             7B76     7B76        A     3C4F       0
                text24                             7622     7622       26        4       0
                text23                             7BCC     7BCC        6     3C4F       0
                text22                             544E     544E       C2        4       0
                text21                             6D20     6D20       50        4       0
                text20                             6CD0     6CD0       50        4       0
                text19                             51F8     51F8       CA        4       0
                text18                             7ADC     7ADC       10     3C4F       0
                text17                             75FC     75FC       26        4       0
                text16                             7530     7530       2A        4       0
                text15                             7506     7506       2A        4       0
                text14                             76B2     76B2       20        4       0
                text13                             7086     7086       38        4       0
                text12                             7692     7692       20        4       0
                text11                             7308     7308       30        4       0
                text10                             774E     774E       1C        4       0
                text9                              704E     704E       38        4       0
                text8                              72D6     72D6       32        4       0
                text7                              7016     7016       38        4       0
                text6                              6FDA     6FDA       3C        4       0
                text5                              7A12     7A12       14     3C4F       0
                text4                              7B22     7B22        C     3C4F       0
                text3                              7B16     7B16        C     3C4F       0
                text2                              6B80     6B80       56        4       0
                text1                               182      182      B58        4       0
                text0                              6836     6836       60        4       0
                cstackCOMRAM                          1        1       2C        1       1
                cstackBANK0                          60       60       43       60       1
                cstackBANK1                         1FA      1FA        2      100       1
                bssBIGRAM                           3C0      3C0      395      3C0       1
                bssBANK3                            300      300       C0      300       1
                bssBANK2                            200      200       9A      200       1
                dataBANK1                           1E4      1E4       16      100       1
                bssBANK1                            100      100       E4      100       1
                dataBANK0                            E4       E4       1B       60       1
                bssBANK0                             A3       A3       41       60       1
                bssCOMRAM                            2D       2D       2A        1       1
                cinit                              5BFC     5BFC       9E        4       0
                idataBANK1                         79E6     79E6       16     3C4F       0
                idataBANK0                         7882     7882       1B        4       0

TOTAL           Name                               Link     Load   Length     Space
        CLASS   STACK          

        CLASS   CODE           
                intcode                               8        8      176         0
                init                                17E      17E        4         0
                reset_vec                             0        0        4         0
                text219                            7ACA     7ACA       12         0
                text218                            6568     6568       6E         0
                text217                            7AB8     7AB8       12         0
                text216                            7AA6     7AA6       12         0
                text215                            6E4C     6E4C       48         0
                text214                            7866     7866       1C         0
                text213                            784A     784A       1C         0
                text212                            782E     782E       1C         0
                text211                            75D4     75D4       28         0
                text210                            41D6     41D6      10C         0
                text209                            7730     7730       1E         0
                text208                            712E     712E       38         0
                text207                            6014     6014       92         0
                text206                            79CE     79CE       18         0
                text205                            5510     5510       BE         0
                text204                            7954     7954       1A         0
                text203                            6BD6     6BD6       56         0
                text202                            6DBA     6DBA       4A         0
                text201                            5DC6     5DC6       96         0
                text200                            7812     7812       1C         0
                text199                            6F5C     6F5C       40         0
                text198                            77F6     77F6       1C         0
                text197                            7BC4     7BC4        8         0
                text196                            74DA     74DA       2C         0
                text195                            5E5C     5E5C       94         0
                text194                            60A6     60A6       8E         0
                text193                            4DD6     4DD6       DA         0
                text192                            538A     538A       C4         0
                text191                            6F9C     6F9C       3E         0
                text190                            7712     7712       1E         0
                text189                            648A     648A       70         0
                text188                            70F6     70F6       38         0
                text187                            7A94     7A94       12         0
                text186                            7368     7368       30         0
                text185                            6B26     6B26       5A         0
                text184                            7A82     7A82       12         0
                text183                            79B6     79B6       18         0
                text182                            76F2     76F2       20         0
                text181                            76D2     76D2       20         0
                text180                            5F82     5F82       92         0
                text179                            4CF8     4CF8       DE         0
                text178                            72A2     72A2       34         0
                text177                            63A6     63A6       74         0
                text176                            7A70     7A70       12         0
                text175                            7338     7338       30         0
                text174                            6ACC     6ACC       5A         0
                text173                            7A5E     7A5E       12         0
                text172                            4C1A     4C1A       DE         0
                text171                            726E     726E       34         0
                text170                            6332     6332       74         0
                text169                            58AA     58AA       B0         0
                text168                            7648     7648       26         0
                text167                            5EF0     5EF0       92         0
                text166                            33CA     33CA      172         0
                text165                            793A     793A       1A         0
                text164                            7920     7920       1A         0
                text163                            7BBC     7BBC        8         0
                text162                            6134     6134       8A         0
                text161                            799E     799E       18         0
                text160                            7BB4     7BB4        8         0
                text159                            5D30     5D30       96         0
                text158                            7B8A     7B8A        A         0
                text157                            7BFC     7BFC        4         0
                text156                            7BF8     7BF8        4         0
                text155                            7A26     7A26       14         0
                text154                            7B6A     7B6A        C         0
                text152                            69B6     69B6       5E         0
                text151                            74AC     74AC       2E         0
                text150                            719C     719C       36         0
                text149                            57FA     57FA       B0         0
                text148                            6A70     6A70       5C         0
                text147                            7166     7166       36         0
                text146                            2D42     2D42      1BE         0
                text145                            766E     766E       24         0
                text144                            7906     7906       1A         0
                text143                            6246     6246       78         0
                text142                            66A6     66A6       66         0
                text141                            3D44     3D44      132         0
                text140                            747E     747E       2E         0
                text139                            70BE     70BE       38         0
                text138                            62BE     62BE       74         0
                text137                            3258     3258      172         0
                text136                            3FA6     3FA6      11C         0
                text135                            5A08     5A08       AE         0
                text134                            10BE     10BE      376         0
                text133                            3818     3818      160         0
                text132                            353C     353C      170         0
                text131                            45D0     45D0       EA         0
                text130                            7A4C     7A4C       12         0
                text129                            7B08     7B08        E         0
                text128                            3C10     3C10      134         0
                text127                            5744     5744       B6         0
                text126                            4EB0     4EB0       D8         0
                text125                            2F00     2F00      1B4         0
                text124                            40C2     40C2      114         0
                text123                            6956     6956       60         0
                text122                            7BDE     7BDE        6         0
                text121                            67D4     67D4       62         0
                text120                            7BAC     7BAC        8         0
                text119                            7BA4     7BA4        8         0
                text118                            7B9C     7B9C        8         0
                text117                            7B94     7B94        8         0
                text116                            3978     3978      152         0
                text115                            7B5E     7B5E        C         0
                text114                            2B42     2B42      200         0
                text113                            7986     7986       18         0
                text112                            1770     1770      2E6         0
                text111                            6770     6770       64         0
                text110                            7B52     7B52        C         0
                text109                            7BD8     7BD8        6         0
                text108                            61BE     61BE       88         0
                text107                            5B5A     5B5A       A2         0
                text106                            7450     7450       2E         0
                text105                            55CE     55CE       BC         0
                text104                            2720     2720      21E         0
                text103                            4A52     4A52       E6         0
                text102                            7422     7422       2E         0
                text101                            496C     496C       E6         0
                text100                            595A     595A       AE         0
                text99                             505A     505A       D2         0
                text98                             73F4     73F4       2E         0
                text97                             4886     4886       E6         0
                text96                             723A     723A       34         0
                text95                             44DE     44DE       F2         0
                text94                             4F88     4F88       D2         0
                text93                             73C6     73C6       2E         0
                text92                             47A0     47A0       E6         0
                text91                             7398     7398       2E         0
                text90                             46BA     46BA       E6         0
                text89                             568A     568A       BA         0
                text88                             30B4     30B4      1A4         0
                text87                             7BF4     7BF4        4         0
                text86                             7AFA     7AFA        E         0
                text85                             68F6     68F6       60         0
                text84                             7BF0     7BF0        4         0
                text83                             7B46     7B46        C         0
                text82                             7B3A     7B3A        C         0
                text81                             78EC     78EC       1A         0
                text80                             78D2     78D2       1A         0
                text79                             64FA     64FA       6E         0
                text78                             663E     663E       68         0
                text77                             6F1A     6F1A       42         0
                text76                             75AC     75AC       28         0
                text75                             79FC     79FC       16         0
                text74                             7BEC     7BEC        4         0
                text73                             6E04     6E04       48         0
                text72                             755A     755A       2A         0
                text71                             6896     6896       60         0
                text70                             6C7E     6C7E       52         0
                text69                             3ACA     3ACA      146         0
                text68                             512C     512C       CC         0
                text67                             670C     670C       64         0
                text66                             24EC     24EC      234         0
                text65                             5C9A     5C9A       96         0
                text64                             7206     7206       34         0
                text63                             1FD8     1FD8      2B6         0
                text62                             65D6     65D6       68         0
                text61                             36AC     36AC      16C         0
                text60                             52C2     52C2       C8         0
                text59                             6D70     6D70       4A         0
                text58                             71D2     71D2       34         0
                text57                             4B38     4B38       E2         0
                text56                             7AEC     7AEC        E         0
                text55                             7BE8     7BE8        4         0
                text54                             7BD2     7BD2        6         0
                text53                             78B8     78B8       1A         0
                text52                             7BE4     7BE4        4         0
                text51                             6C2C     6C2C       52         0
                text50                             77DA     77DA       1C         0
                text49                             77BE     77BE       1C         0
                text48                             77A2     77A2       1C         0
                text47                             7584     7584       28         0
                text46                             3E76     3E76      130         0
                text45                             5AB6     5AB6       A4         0
                text44                             796E     796E       18         0
                text43                             43E8     43E8       F6         0
                text42                             789E     789E       1A         0
                text41                             6A14     6A14       5C         0
                text40                             7A3A     7A3A       12         0
                text39                             7786     7786       1C         0
                text38                             6ED8     6ED8       42         0
                text37                             1A56     1A56      2C2         0
                text36                             7B2E     7B2E        C         0
                text35                             228E     228E      25E         0
                text34                              CDA      CDA      3E4         0
                text33                             1434     1434      33C         0
                text32                             776A     776A       1C         0
                text31                             641A     641A       70         0
                text30                             6E94     6E94       44         0
                text29                             42E2     42E2      106         0
                text28                             293E     293E      204         0
                text27                             1D18     1D18      2C0         0
                text26                             7B80     7B80        A         0
                text25                             7B76     7B76        A         0
                text24                             7622     7622       26         0
                text23                             7BCC     7BCC        6         0
                text22                             544E     544E       C2         0
                text21                             6D20     6D20       50         0
                text20                             6CD0     6CD0       50         0
                text19                             51F8     51F8       CA         0
                text18                             7ADC     7ADC       10         0
                text17                             75FC     75FC       26         0
                text16                             7530     7530       2A         0
                text15                             7506     7506       2A         0
                text14                             76B2     76B2       20         0
                text13                             7086     7086       38         0
                text12                             7692     7692       20         0
                text11                             7308     7308       30         0
                text10                             774E     774E       1C         0
                text9                              704E     704E       38         0
                text8                              72D6     72D6       32         0
                text7                              7016     7016       38         0
                text6                              6FDA     6FDA       3C         0
                text5                              7A12     7A12       14         0
                text4                              7B22     7B22        C         0
                text3                              7B16     7B16        C         0
                text2                              6B80     6B80       56         0
                text1                               182      182      B58         0
                text0                              6836     6836       60         0
                cinit                              5BFC     5BFC       9E         0
                idataBANK1                         79E6     79E6       16         0
                idataBANK0                         7882     7882       1B         0

        CLASS   CONST          

        CLASS   SMALLCONST     

        CLASS   MEDIUMCONST    

        CLASS   COMRAM         
                temp                                 57       57        1         1
                cstackCOMRAM                          1        1       2C         1
                bssCOMRAM                            2D       2D       2A         1

        CLASS   ABS1           

        CLASS   BIGRAM         
                bssBIGRAM                           3C0      3C0      395         1

        CLASS   RAM            

        CLASS   BANK0          
                cstackBANK0                          60       60       43         1
                dataBANK0                            E4       E4       1B         1
                bssBANK0                             A3       A3       41         1

        CLASS   BANK1          
                cstackBANK1                         1FA      1FA        2         1
                dataBANK1                           1E4      1E4       16         1
                bssBANK1                            100      100       E4         1

        CLASS   BANK2          
                bssBANK2                            200      200       9A         1

        CLASS   BANK3          
                bssBANK3                            300      300       C0         1

        CLASS   BANK4          

        CLASS   BANK5          

        CLASS   BANK6          

        CLASS   BANK7          

        CLASS   BANK8          

        CLASS   BANK9          

        CLASS   BANK10         

        CLASS   BANK11         

        CLASS   BANK12         

        CLASS   BANK13         

        CLASS   SFR            

        CLASS   FARRAM         

        CLASS   CONFIG         
                config                           300000   300000        C         0

        CLASS   IDLOC          
                idloc                            200000   200000       10         0

        CLASS   EEDATA         



SEGMENTS        Name                           Load    Length   Top    Selector   Space  Class

                reset_vec                      000000  000004  000004         0       0  CODE    
                cstackCOMRAM                   000001  000057  000058         1       1  COMRAM  
                intcode                        000008  007895  00789D         4       0  CODE    
                cstackBANK0                    000060  00009F  0000FF        60       1  BANK0   
                bssBANK1                       000100  0000FC  0001FC       100       1  BANK1   
                bssBANK2                       000200  00009A  00029A       200       1  BANK2   
                bssBANK3                       000300  0000C0  0003C0       300       1  BANK3   
                bssBIGRAM                      0003C0  000395  000755       3C0       1  BIGRAM  
                text42                         00789E  000362  007C00      3C4F       0  CODE    
                idloc                          200000  000010  200010    200000       0  IDLOC   
                config                         300000  00000C  30000C    300000       0  CONFIG  


UNUSED ADDRESS RANGES

        Name                Unused          Largest block    Delta
        BANK0            0000FF-0000FF                1
        BANK1            0001FC-0001FF                4
        BANK10           000A00-000AFF              100
        BANK11           000B00-000BFF              100
        BANK12           000C00-000CFF              100
        BANK13           000D00-000DDD               DE
        BANK2            00029A-0002FF               66
        BANK7            000755-0007FF               AB
        BANK8            000800-0008FF              100
        BANK9            000900-0009FF              100
        BIGRAM           000058-00005F                8
                         0000FF-0000FF                1
                         0001FC-0001FF                4
                         00029A-0002FF               66
                         000755-000DDD              689
        CODE             000004-000007                4
                         00789D-00789D                1
                         007C00-00FC7B             807C
        COMRAM           000058-00005F                8
        CONST            000004-000007                4
                         00789D-00789D                1
                         007C00-00FC7B             807C
        EEDATA           310000-3103FF              400
        MEDIUMCONST      00789D-00789D                1
                         007C00-00FC7B             807C
        RAM              0000FF-0000FF                1
                         0001FC-0001FF                4
                         00029A-0002FF               66
                         000755-000DDD              100
        SFR              000DDE-000FFF              100
        SMALLCONST       00789D-00789D                1
                         007C00-00FC7B              100
        STACK            000755-000DDD              689

                                  Symbol Table

?_CRC16                                   cstackBANK0  000060
?_PacketDataST7540                        cstackBANK0  000060
?_PacketReadParamST7540                   cstackBANK0  000075
?_SCAN_TAG                                cstackCOMRAM 000009
?_SCAN_TAG_1                              cstackCOMRAM 000009
?___lldiv                                 cstackBANK0  000060
?___lwdiv                                 cstackBANK0  000060
?___wmul                                  cstackBANK0  000060
?_bluetoothCRC                            cstackBANK0  00006F
?_calcrc                                  cstackCOMRAM 000001
?_readBatteryADC                          cstackBANK0  000082
?_readCableADC                            cstackBANK0  000082
?_readEDDADC                              cstackBANK0  000082
?_readEarthADC                            cstackBANK0  000082
?_readEddADC                              cstackBANK0  000060
?_readS1StateADC                          cstackBANK0  000082
?_readTagADC                              cstackCOMRAM 000001
?_variance                                cstackBANK0  00006D
?i2___wmul                                cstackCOMRAM 000001
CHECK_CRC16@crc                           cstackCOMRAM 00000B
CRC16@crc                                 cstackBANK0  00006B
CRC16@data                                cstackBANK0  000069
CRC16@data_p                              cstackBANK0  000060
CRC16@i                                   cstackBANK0  000068
CRC16@length                              cstackBANK0  000062
CheckCRCST7540@expectedCRCUS              cstackBANK0  000070
CheckCRCST7540@packetLenUC                cstackBANK0  000074
CheckCRCST7540@receivedCRCUS              cstackBANK0  000072
Delay_ms@i                                cstackBANK0  000063
Delay_ms@j                                cstackBANK0  000065
Delay_ms@ms                               cstackBANK0  000060
EDD_Blast@EDD_blast_command               cstackBANK0  00006A
EDD_Calibrate@EDD_calibration_command     cstackBANK0  00006A
EDD_Energy_Store@EDD_energy_store_command cstackBANK0  00006A
InitST7540@configDataRXUS                 cstackBANK0  000079
InitST7540@configDataTXUS                 cstackBANK0  000073
InitST7540@frameDataRXUS                  cstackBANK0  000076
InitST7540@frameDataTXUS                  cstackBANK0  000070
PacketReadParamST7540@paramName           cstackBANK0  000079
PacketReadParamST7540@retValueUS          cstackBANK0  00007A
READ_TAG@i                                cstackCOMRAM 00000D
READ_TAG_REVERSE@i                        cstackCOMRAM 00000D
RXReadyISRHandlerST7540@ReadIOCC          cstackCOMRAM 000001
ReadConfigST7540@bitsReceivedUC           cstackBANK0  000068
ReadConfigST7540@configDataUS             cstackBANK0  000062
ReadConfigST7540@discardUC                cstackBANK0  000067
ReadConfigST7540@frameDataUS              cstackBANK0  000060
ReceiveNewDataST7540@discardUC            cstackBANK0  000060
SPIISRHandlerST7540@dataReadUC            cstackCOMRAM 000001
StartTransmitST7540@discardUC             cstackBANK0  000060
Tx_Calibration_Pulses@i                   cstackBANK0  000060
Tx_Calibration_Pulses@j                   cstackBANK0  000062
Tx_Calibration_Pulses@j_6087              cstackBANK0  000064
Tx_Word@bit_pos                           cstackBANK0  000067
Tx_Word@byte                              cstackBANK0  000069
UIO_SAK@SAK                               cstackCOMRAM 000002
UIO_SAK_1@SAK                             cstackCOMRAM 000002
UIO_WRITE@cmd                             cstackCOMRAM 000004
UIO_WRITE@nDigit                          cstackCOMRAM 000006
UIO_WRITE@uio_data                        cstackCOMRAM 000005
UIO_WRITE_1@cmd                           cstackCOMRAM 000004
UIO_WRITE_1@nDigit                        cstackCOMRAM 000006
UIO_WRITE_1@uio_data                      cstackCOMRAM 000005
WriteConfigST7540@bitsSentUC              cstackBANK0  00006F
WriteConfigST7540@configDataUS            cstackBANK0  000068
WriteConfigST7540@discardUC               cstackBANK0  00006E
WriteConfigST7540@frameDataUS             cstackBANK0  000065
_ABB_1                                    bssBIGRAM    0003C0
_ADCLK                                    (abs)        000F57
_ADCON0bits                               (abs)        000F60
_ADCON1                                   (abs)        000F59
_ADPCH                                    (abs)        000F5F
_ADREF                                    (abs)        000F58
_ADRES                                    (abs)        000F63
_ANSELAbits                               (abs)        000E92
_ANSELBbits                               (abs)        000E9A
_ANSELEbits                               (abs)        000EAF
_ANSELFbits                               (abs)        000EB4
_ANSELGbits                               (abs)        000EBC
_BAUD3CONbits                             (abs)        000EF0
_CHECK_CRC16                              text188      0070F6
_COUNTERS                                 bssBANK0     0000A3
_CPUDOZEbits                              (abs)        000E42
_CRC16                                    text128      003C10
_CheckCRCST7540                           text127      005744
_DataReadyST7540                          text122      007BDE
_Delay_100us                              text86       007AFA
_Delay_500us                              text83       007B46
_Delay_500us_X                            text82       007B3A
_Delay_ms                                 text85       0068F6
_EDD_Blast                                text78       00663E
_EDD_Calibrate                            text64       007206
_EDD_Energy_Store                         text77       006F1A
_EDD_Init_Comms                           text75       0079FC
_FLAGS                                    bssCOMRAM    000037
_FVRCON                                   (abs)        000EC4
_FVRCONbits                               (abs)        000EC4
_INT0PPS                                  (abs)        000DF0
_INT3PPS                                  (abs)        000DF3
_INTCONbits                               (abs)        000FF2
_IPR3bits                                 (abs)        000E22
_IPR5bits                                 (abs)        000E24
_InitST7540                               text43       0043E8
_InitST7540Pins                           text47       007584
_LATAbits                                 (abs)        000F79
_LATBbits                                 (abs)        000F7A
_LATCbits                                 (abs)        000F7B
_LATDbits                                 (abs)        000F7C
_LATEbits                                 (abs)        000F7D
_LATFbits                                 (abs)        000F7E
_LATGbits                                 (abs)        000F7F
_LATHbits                                 (abs)        000F80
_LineIdleST7540                           text110      007B52
_NVMADRH                                  (abs)        000F75
_NVMADRL                                  (abs)        000F74
_NVMCON1bits                              (abs)        000F77
_NVMCON2                                  (abs)        000F78
_NVMDAT                                   (abs)        000F76
_OSCCON1bits                              (abs)        000E43
_OSCCON2bits                              (abs)        000E44
_PIE0bits                                 (abs)        000E29
_PIE3bits                                 (abs)        000E2C
_PIE4bits                                 (abs)        000E2D
_PIE5bits                                 (abs)        000E2E
_PIR0bits                                 (abs)        000E33
_PIR3bits                                 (abs)        000E36
_PIR4bits                                 (abs)        000E37
_PIR5bits                                 (abs)        000E38
_PMD1bits                                 (abs)        000E4D
_PMD2bits                                 (abs)        000E4E
_PMD5bits                                 (abs)        000E51
_PORTAbits                                (abs)        000F89
_PORTBbits                                (abs)        000F8A
_PORTCbits                                (abs)        000F8B
_PORTEbits                                (abs)        000F8D
_PORTHbits                                (abs)        000F90
_PPSLOCK                                  (abs)        000DEF
_PPSLOCKbits                              (abs)        000DEF
_PR2                                      (abs)        000FBC
_PR4                                      (abs)        000FB6
_PR6                                      (abs)        000FB0
_PR8                                      (abs)        000F29
_PacketDataST7540                         text129      007B08
_PacketReadParamST7540                    text126      004EB0
_RC3REG                                   (abs)        000EEA
_RC3STAbits                               (abs)        000EEE
_RC7PPS                                   (abs)        000E69
_RE0PPS                                   (abs)        000E72
_READ_TAG                                 text177      0063A6
_READ_TAG_REVERSE                         text170      006332
_RX3PPS                                   (abs)        000E13
_RXReadyISRHandlerST7540                  text219      007ACA
_ReadConfigST7540                         text46       003E76
_ReceiveNewDataST7540                     text130      007A4C
_SCAN_TAG                                 text179      004CF8
_SCAN_TAG_1                               text172      004C1A
_SP3BRGH                                  (abs)        000EED
_SP3BRGL                                  (abs)        000EEC
_SPIISRHandlerST7540                      text218      006568
_SSP1BUF                                  (abs)        000F91
_SSP1CON1bits                             (abs)        000F95
_SSP1DATPPS                               (abs)        000E1A
_SSP1STATbits                             (abs)        000F94
_Set_Line_High                            text84       007BF0
_Set_Line_Low                             text74       007BEC
_StartTransmitST7540                      text113      007986
_T0CON0bits                               (abs)        000FD5
_T0CON1bits                               (abs)        000FD6
_T1CONbits                                (abs)        000FCF
_T2CLKCONbits                             (abs)        000FBF
_T2CONbits                                (abs)        000FBD
_T4CLKCONbits                             (abs)        000FB9
_T4CONbits                                (abs)        000FB7
_T6CLKCONbits                             (abs)        000FB3
_T6CONbits                                (abs)        000FB1
_T8CLKCONbits                             (abs)        000F2C
_T8CONbits                                (abs)        000F2A
_TAG_Request                              bssCOMRAM    00002D
_TAG_Response                             bssCOMRAM    00004D
_TMR0                                     (abs)        000FD3
_TMR0H                                    (abs)        000FD4
_TMR0L                                    (abs)        000FD3
_TMR1                                     (abs)        000FCD
_TMR1CLKbits                              (abs)        000FD2
_TMR2                                     (abs)        000FBB
_TMR4                                     (abs)        000FB5
_TMR6                                     (abs)        000FAF
_TMR8                                     (abs)        000F28
_TRISAbits                                (abs)        000F81
_TRISBbits                                (abs)        000F82
_TRISCbits                                (abs)        000F83
_TRISDbits                                (abs)        000F84
_TRISEbits                                (abs)        000F85
_TRISFbits                                (abs)        000F86
_TRISGbits                                (abs)        000F87
_TRISHbits                                (abs)        000F88
_TX3REG                                   (abs)        000EEB
_TX3STAbits                               (abs)        000EEF
_TransmitBusyST7540                       text109      007BD8
_Tx_0                                     text81       0078EC
_Tx_1                                     text80       0078D2
_Tx_Calibration_Pulses                    text65       005C9A
_Tx_Word                                  text79       0064FA
_UIO_MAK                                  text187      007A94
_UIO_MAK_1                                text176      007A70
_UIO_SAK                                  text186      007368
_UIO_SAK_1                                text175      007338
_UIO_WRITE                                text185      006B26
_UIO_WRITE_1                              text174      006ACC
_UIO_data_out                             bssCOMRAM    000042
_UIO_noMAK                                text184      007A82
_UIO_noMAK_1                              text173      007A5E
_WDTCON0bits                              (abs)        000E3D
_WPUEbits                                 (abs)        000EAE
_WriteConfigST7540                        text45       005AB6
__CFG_BOREN$SBORDIS                       (abs)        000000
__CFG_BORV$VBOR_190                       (abs)        000000
__CFG_CLKOUTEN$OFF                        (abs)        000000
__CFG_CP$OFF                              (abs)        000000
__CFG_CPD$OFF                             (abs)        000000
__CFG_CSWEN$ON                            (abs)        000000
__CFG_DEBUG$OFF                           (abs)        000000
__CFG_EBTR0$OFF                           (abs)        000000
__CFG_EBTR1$OFF                           (abs)        000000
__CFG_EBTR2$OFF                           (abs)        000000
__CFG_EBTR3$OFF                           (abs)        000000
__CFG_EBTRB$OFF                           (abs)        000000
__CFG_FCMEN$ON                            (abs)        000000
__CFG_FEXTOSC$HS                          (abs)        000000
__CFG_LPBOREN$OFF                         (abs)        000000
__CFG_LVP$ON                              (abs)        000000
__CFG_MCLRE$EXTMCLR                       (abs)        000000
__CFG_PPS1WAY$ON                          (abs)        000000
__CFG_PWRTE$OFF                           (abs)        000000
__CFG_RSTOSC$EXTOSC_4PLL                  (abs)        000000
__CFG_SCANE$ON                            (abs)        000000
__CFG_STVREN$ON                           (abs)        000000
__CFG_WDTCCS$LFINTOSC                     (abs)        000000
__CFG_WDTCPS$WDTCPS_31                    (abs)        000000
__CFG_WDTCWS$WDTCWS_7                     (abs)        000000
__CFG_WDTE$SWDTEN                         (abs)        000000
__CFG_WRT0$OFF                            (abs)        000000
__CFG_WRT1$OFF                            (abs)        000000
__CFG_WRT2$OFF                            (abs)        000000
__CFG_WRT3$OFF                            (abs)        000000
__CFG_WRTB$OFF                            (abs)        000000
__CFG_WRTC$OFF                            (abs)        000000
__CFG_WRTD$OFF                            (abs)        000000
__CFG_XINST$OFF                           (abs)        000000
__CFG_ZCD$OFF                             (abs)        000000
__HRAM                                    (abs)        000000
__Habs1                                   abs1         000000
__Hbank0                                  bank0        000000
__Hbank1                                  bank1        000000
__Hbank10                                 bank10       000000
__Hbank11                                 bank11       000000
__Hbank12                                 bank12       000000
__Hbank13                                 bank13       000000
__Hbank2                                  bank2        000000
__Hbank3                                  bank3        000000
__Hbank4                                  bank4        000000
__Hbank5                                  bank5        000000
__Hbank6                                  bank6        000000
__Hbank7                                  bank7        000000
__Hbank8                                  bank8        000000
__Hbank9                                  bank9        000000
__Hbigbss                                 bigbss       000000
__Hbigdata                                bigdata      000000
__Hbigram                                 bigram       000000
__Hbss                                    bss          000000
__HbssBANK0                               bssBANK0     000000
__HbssBANK1                               bssBANK1     000000
__HbssBANK2                               bssBANK2     000000
__HbssBANK3                               bssBANK3     000000
__HbssBIGRAM                              bssBIGRAM    000000
__HbssCOMRAM                              bssCOMRAM    000000
__Hcinit                                  cinit        000000
__Hclrtext                                clrtext      000000
__Hcomram                                 comram       000000
__Hconfig                                 config       30000C
__Hconst                                  const        000000
__HcstackBANK0                            cstackBANK0  000000
__HcstackBANK1                            cstackBANK1  000000
__HcstackCOMRAM                           cstackCOMRAM 000000
__Hdata                                   data         000000
__HdataBANK0                              dataBANK0    000000
__HdataBANK1                              dataBANK1    000000
__Heeprom_data                            eeprom_data  000000
__Hfarbss                                 farbss       000000
__Hfardata                                fardata      000000
__Hibigdata                               ibigdata     000000
__Hidata                                  idata        000000
__HidataBANK0                             idataBANK0   000000
__HidataBANK1                             idataBANK1   000000
__Hidloc                                  idloc        200010
__Hifardata                               ifardata     000000
__Hinit                                   init         000182
__Hintcode                                intcode      00017E
__Hintcode_body                           intcode_body 000000
__Hintcodelo                              intcodelo    00017E
__Hintentry                               intentry     000000
__Hintret                                 intret       000000
__Hintsave_regs                           intsave_regs 000000
__Hirdata                                 irdata       000000
__Hmediumconst                            mediumconst  000000
__HnvFARRAM                               nvFARRAM     000000
__Hnvbit                                  nvbit        000000
__Hnvrram                                 nvrram       000000
__Hparam                                  rparam       000000
__Hpowerup                                powerup      00017E
__Hram                                    ram          000000
__Hramtop                                 ramtop       000E00
__Hrbit                                   rbit         000000
__Hrbss                                   rbss         000000
__Hrdata                                  rdata        000000
__Hreset_vec                              reset_vec    000004
__Hrparam                                 rparam       000000
__Hsfr                                    sfr          000000
__Hsmallconst                             smallconst   000000
__Hspace_0                                (abs)        30000C
__Hspace_1                                (abs)        000755
__Hspace_2                                (abs)        000000
__Hstack                                  stack        000000
__Hstruct                                 struct       000000
__Htemp                                   temp         000058
__Htext                                   text         000000
__Htext0                                  text0        000000
__Htext1                                  text1        000000
__Htext10                                 text10       000000
__Htext100                                text100      000000
__Htext101                                text101      000000
__Htext102                                text102      000000
__Htext103                                text103      000000
__Htext104                                text104      000000
__Htext105                                text105      000000
__Htext106                                text106      000000
__Htext107                                text107      000000
__Htext108                                text108      000000
__Htext109                                text109      000000
__Htext11                                 text11       000000
__Htext110                                text110      000000
__Htext111                                text111      000000
__Htext112                                text112      000000
__Htext113                                text113      000000
__Htext114                                text114      000000
__Htext115                                text115      000000
__Htext116                                text116      000000
__Htext117                                text117      000000
__Htext118                                text118      000000
__Htext119                                text119      000000
__Htext12                                 text12       000000
__Htext120                                text120      000000
__Htext121                                text121      000000
__Htext122                                text122      000000
__Htext123                                text123      000000
__Htext124                                text124      000000
__Htext125                                text125      000000
__Htext126                                text126      000000
__Htext127                                text127      000000
__Htext128                                text128      000000
__Htext129                                text129      000000
__Htext13                                 text13       000000
__Htext130                                text130      000000
__Htext131                                text131      000000
__Htext132                                text132      000000
__Htext133                                text133      000000
__Htext134                                text134      000000
__Htext135                                text135      000000
__Htext136                                text136      000000
__Htext137                                text137      000000
__Htext138                                text138      000000
__Htext139                                text139      000000
__Htext14                                 text14       000000
__Htext140                                text140      000000
__Htext141                                text141      000000
__Htext142                                text142      000000
__Htext143                                text143      000000
__Htext144                                text144      000000
__Htext145                                text145      000000
__Htext146                                text146      000000
__Htext147                                text147      000000
__Htext148                                text148      000000
__Htext149                                text149      000000
__Htext15                                 text15       000000
__Htext150                                text150      000000
__Htext151                                text151      000000
__Htext152                                text152      000000
__Htext154                                text154      000000
__Htext155                                text155      000000
__Htext156                                text156      000000
__Htext157                                text157      000000
__Htext158                                text158      000000
__Htext159                                text159      000000
__Htext16                                 text16       000000
__Htext160                                text160      000000
__Htext161                                text161      000000
__Htext162                                text162      000000
__Htext163                                text163      000000
__Htext164                                text164      000000
__Htext165                                text165      000000
__Htext166                                text166      000000
__Htext167                                text167      000000
__Htext168                                text168      000000
__Htext169                                text169      000000
__Htext17                                 text17       000000
__Htext170                                text170      000000
__Htext171                                text171      000000
__Htext172                                text172      000000
__Htext173                                text173      000000
__Htext174                                text174      000000
__Htext175                                text175      000000
__Htext176                                text176      000000
__Htext177                                text177      000000
__Htext178                                text178      000000
__Htext179                                text179      000000
__Htext18                                 text18       000000
__Htext180                                text180      000000
__Htext181                                text181      000000
__Htext182                                text182      000000
__Htext183                                text183      000000
__Htext184                                text184      000000
__Htext185                                text185      000000
__Htext186                                text186      000000
__Htext187                                text187      000000
__Htext188                                text188      000000
__Htext189                                text189      000000
__Htext19                                 text19       000000
__Htext190                                text190      000000
__Htext191                                text191      000000
__Htext192                                text192      000000
__Htext193                                text193      000000
__Htext194                                text194      000000
__Htext195                                text195      000000
__Htext196                                text196      000000
__Htext197                                text197      000000
__Htext198                                text198      000000
__Htext199                                text199      000000
__Htext2                                  text2        000000
__Htext20                                 text20       000000
__Htext200                                text200      000000
__Htext201                                text201      000000
__Htext202                                text202      000000
__Htext203                                text203      000000
__Htext204                                text204      000000
__Htext205                                text205      000000
__Htext206                                text206      000000
__Htext207                                text207      000000
__Htext208                                text208      000000
__Htext209                                text209      000000
__Htext21                                 text21       000000
__Htext210                                text210      000000
__Htext211                                text211      000000
__Htext212                                text212      000000
__Htext213                                text213      000000
__Htext214                                text214      000000
__Htext215                                text215      000000
__Htext216                                text216      000000
__Htext217                                text217      000000
__Htext218                                text218      000000
__Htext219                                text219      000000
__Htext22                                 text22       000000
__Htext23                                 text23       000000
__Htext24                                 text24       000000
__Htext25                                 text25       000000
__Htext26                                 text26       000000
__Htext27                                 text27       000000
__Htext28                                 text28       000000
__Htext29                                 text29       000000
__Htext3                                  text3        000000
__Htext30                                 text30       000000
__Htext31                                 text31       000000
__Htext32                                 text32       000000
__Htext33                                 text33       000000
__Htext34                                 text34       000000
__Htext35                                 text35       000000
__Htext36                                 text36       000000
__Htext37                                 text37       000000
__Htext38                                 text38       000000
__Htext39                                 text39       000000
__Htext4                                  text4        000000
__Htext40                                 text40       000000
__Htext41                                 text41       000000
__Htext42                                 text42       000000
__Htext43                                 text43       000000
__Htext44                                 text44       000000
__Htext45                                 text45       000000
__Htext46                                 text46       000000
__Htext47                                 text47       000000
__Htext48                                 text48       000000
__Htext49                                 text49       000000
__Htext5                                  text5        000000
__Htext50                                 text50       000000
__Htext51                                 text51       000000
__Htext52                                 text52       000000
__Htext53                                 text53       000000
__Htext54                                 text54       000000
__Htext55                                 text55       000000
__Htext56                                 text56       000000
__Htext57                                 text57       000000
__Htext58                                 text58       000000
__Htext59                                 text59       000000
__Htext6                                  text6        000000
__Htext60                                 text60       000000
__Htext61                                 text61       000000
__Htext62                                 text62       000000
__Htext63                                 text63       000000
__Htext64                                 text64       000000
__Htext65                                 text65       000000
__Htext66                                 text66       000000
__Htext67                                 text67       000000
__Htext68                                 text68       000000
__Htext69                                 text69       000000
__Htext7                                  text7        000000
__Htext70                                 text70       000000
__Htext71                                 text71       000000
__Htext72                                 text72       000000
__Htext73                                 text73       000000
[...]
 Tracked objects:
		On entry : 
		On exit  : 
		Unchanged: 
 Data sizes:     COMRAM   BANK0   BANK1   BANK2   BANK3   BANK4   BANK5   BANK6   BANK7   BANK8   BANK9  BANK10  BANK11  BANK12  BANK13
      Params:         0       0       0       0       0       0       0       0       0       0       0       0       0       0       0
      Locals:         0       0       0       0       0       0       0       0       0       0       0       0       0       0       0
      Temps:          0       0       0       0       0       0       0       0       0       0       0       0       0       0       0
      Totals:         0       0       0       0       0       0       0       0       0       0       0       0       0       0       0
Total ram usage:        0 bytes
 Hardware stack levels used:    1
 This function calls:
		Nothing
 This function is called by:
		i2_initST7540PPS
 This function uses a non-reentrant model


 *************** function _checkPulse *****************
 Defined at:
		line 41 in file "acOr36V.c"
 Parameters:    Size  Location     Type
		None
 Auto vars:     Size  Location     Type
		None
 Return value:  Size  Location     Type
                  1    wreg      void 
 Registers used:
		wreg, fsr2l, fsr2h, status,2, status,0, cstack
 Tracked objects:
		On entry : 
		On exit  : 
		Unchanged: 
 Data sizes:     COMRAM   BANK0   BANK1   BANK2   BANK3   BANK4   BANK5   BANK6   BANK7   BANK8   BANK9  BANK10  BANK11  BANK12  BANK13
      Params:         0       0       0       0       0       0       0       0       0       0       0       0       0       0       0
      Locals:         0       0       0       0       0       0       0       0       0       0       0       0       0       0       0
      Temps:          0       0       0       0       0       0       0       0       0       0       0       0       0       0       0
      Totals:         0       0       0       0       0       0       0       0       0       0       0       0       0       0       0
Total ram usage:        0 bytes
 Hardware stack levels used:    1
 Hardware stack levels required when called:    1
 This function calls:
		_reset13msTimer
		i2_reset4SecTimer
 This function is called by:
		_acOr36VISR
 This function uses a non-reentrant model


 *************** function i2_reset4SecTimer *****************
 Defined at:
		line 70 in file "acOr36V.c"
 Parameters:    Size  Location     Type
		None
 Auto vars:     Size  Location     Type
		None
 Return value:  Size  Location     Type
                  1    wreg      void 
 Registers used:
		wreg, status,2
 Tracked objects:
		On entry : 
		On exit  : 
		Unchanged: 
 Data sizes:     COMRAM   BANK0   BANK1   BANK2   BANK3   BANK4   BANK5   BANK6   BANK7   BANK8   BANK9  BANK10  BANK11  BANK12  BANK13
      Params:         0       0       0       0       0       0       0       0       0       0       0       0       0       0       0
      Locals:         0       0       0       0       0       0       0       0       0       0       0       0       0       0       0
      Temps:          0       0       0       0       0       0       0       0       0       0       0       0       0       0       0
      Totals:         0       0       0       0       0       0       0       0       0       0       0       0       0       0       0
Total ram usage:        0 bytes
 Hardware stack levels used:    1
 This function calls:
		Nothing
 This function is called by:
		_wake
		_checkPulse
 This function uses a non-reentrant model


 *************** function _reset13msTimer *****************
 Defined at:
		line 79 in file "acOr36V.c"
 Parameters:    Size  Location     Type
		None
 Auto vars:     Size  Location     Type
		None
 Return value:  Size  Location     Type
                  1    wreg      void 
 Registers used:
		wreg, status,2
 Tracked objects:
		On entry : 
		On exit  : 
		Unchanged: 
 Data sizes:     COMRAM   BANK0   BANK1   BANK2   BANK3   BANK4   BANK5   BANK6   BANK7   BANK8   BANK9  BANK10  BANK11  BANK12  BANK13
      Params:         0       0       0       0       0       0       0       0       0       0       0       0       0       0       0
      Locals:         0       0       0       0       0       0       0       0       0       0       0       0       0       0       0
      Temps:          0       0       0       0       0       0       0       0       0       0       0       0       0       0       0
      Totals:         0       0       0       0       0       0       0       0       0       0       0       0       0       0       0
Total ram usage:        0 bytes
 Hardware stack levels used:    1
 This function calls:
		Nothing
 This function is called by:
		_checkPulse
 This function uses a non-reentrant model


 *************** function _SPIISRHandlerST7540 *****************
 Defined at:
		line 168 in file "ST7540.c"
 Parameters:    Size  Location     Type
		None
 Auto vars:     Size  Location     Type
  dataReadUC      1    0[COMRAM] unsigned char 
 Return value:  Size  Location     Type
                  1    wreg      void 
 Registers used:
		wreg, fsr2l, fsr2h, status,2, status,0, prodl, prodh
 Tracked objects:
		On entry : 
		On exit  : 
		Unchanged: 
 Data sizes:     COMRAM   BANK0   BANK1   BANK2   BANK3   BANK4   BANK5   BANK6   BANK7   BANK8   BANK9  BANK10  BANK11  BANK12  BANK13
      Params:         0       0       0       0       0       0       0       0       0       0       0       0       0       0       0
      Locals:         1       0       0       0       0       0       0       0       0       0       0       0       0       0       0
      Temps:          0       0       0       0       0       0       0       0       0       0       0       0       0       0       0
      Totals:         1       0       0       0       0       0       0       0       0       0       0       0       0       0       0
Total ram usage:        1 bytes
 Hardware stack levels used:    1
 This function calls:
		Nothing
 This function is called by:
		_isr
 This function uses a non-reentrant model


 *************** function _RXReadyISRHandlerST7540 *****************
 Defined at:
		line 196 in file "ST7540.c"
 Parameters:    Size  Location     Type
		None
 Auto vars:     Size  Location     Type
  ReadIOCC        1    0[COMRAM] unsigned char 
 Return value:  Size  Location     Type
                  1    wreg      void 
 Registers used:
		wreg
 Tracked objects:
		On entry : 
		On exit  : 
		Unchanged: 
 Data sizes:     COMRAM   BANK0   BANK1   BANK2   BANK3   BANK4   BANK5   BANK6   BANK7   BANK8   BANK9  BANK10  BANK11  BANK12  BANK13
      Params:         0       0       0       0       0       0       0       0       0       0       0       0       0       0       0
      Locals:         1       0       0       0       0       0       0       0       0       0       0       0       0       0       0
      Temps:          0       0       0       0       0       0       0       0       0       0       0       0       0       0       0
      Totals:         1       0       0       0       0       0       0       0       0       0       0       0       0       0       0
Total ram usage:        1 bytes
 Hardware stack levels used:    1
 This function calls:
		Nothing
 This function is called by:
		_isr
 This function uses a non-reentrant model



MODULE INFORMATION

Module		Function		Class		Link	Load	Size
C:\Program Files (x86)\Microchip\xc8\v1.41\sources\common\lwdiv.c
		___lwdiv       		CODE           	6246	0000	121

C:\Program Files (x86)\Microchip\xc8\v1.41\sources\common\lwdiv.c estimated size: 121

tagRead.c
		_READ_TAG      		CODE           	63A6	0000	117
		_calcrc        		CODE           	648A	0000	113
		_rxWord        		CODE           	5F82	0000	147
		_tagFor0       		CODE           	793A	0000	27
		_readTagRoutine		CODE           	6134	0000	139
		_UIO_noMAK     		CODE           	7A82	0000	19
		_UIO_noMAK_1   		CODE           	7A5E	0000	19
		_detectFallingEdge		CODE           	76F2	0000	33
		_UIO_MAK       		CODE           	7A94	0000	19
		_UIO_MAK_1     		CODE           	7A70	0000	19
		_UIO_SAK       		CODE           	7368	0000	49
		_UIO_SAK_1     		CODE           	7338	0000	49
		_addNewTag     		CODE           	33CA	0000	371
		_detectRisingEdge		CODE           	76D2	0000	33
		_UIO_WRITE     		CODE           	6B26	0000	91
		_UIO_WRITE_1   		CODE           	6ACC	0000	91
		_initialiseTagADC		CODE           	72A2	0000	53
		_initialiseTagADC_1		CODE           	726E	0000	53
		_CHECK_CRC16   		CODE           	70F6	0000	57
		_tagSleep      		CODE           	78B8	0000	27
		_checkIfTagIsRemoved		CODE           	7B5E	0000	13
		_READ_TAG_REVERSE		CODE           	6332	0000	117
		_SCAN_TAG      		CODE           	4CF8	0000	223
		_SCAN_TAG_1    		CODE           	4C1A	0000	223
		_tagFor1       		CODE           	7920	0000	27
		_initialiseTag 		CODE           	7692	0000	33
		_readTagADC    		CODE           	79B6	0000	25
		_tagForInterrupt		CODE           	7786	0000	29

tagRead.c estimated size: 2216

C:\Program Files (x86)\Microchip\xc8\v1.41\sources\common\lldiv.c
		___lldiv       		CODE           	55CE	0000	189

C:\Program Files (x86)\Microchip\xc8\v1.41\sources\common\lldiv.c estimated size: 189

sleep.c
		_sleep12V      		CODE           	7BE8	0000	5
		_wake          		CODE           	6F5C	0000	65
		_mainsWake     		CODE           	6ED8	0000	67
		_sleep         		CODE           	42E2	0000	263
		_mainsSleep    		CODE           	6C2C	0000	83

sleep.c estimated size: 483

packetQueueHandler.c
		_addPacketToIncomingQueue		CODE           	2F00	0000	437
		_addPacketToOutgoingQueue		CODE           	57FA	0000	177
		_addDataToOutgoingQueue		CODE           	2D42	0000	447
		_handleIncomingQueuePacket		CODE           	40C2	0000	277

packetQueueHandler.c estimated size: 1338

eddComms.c
		_programRetryChecks		CODE           	65D6	0000	105
		_initialiseEDDPins		CODE           	7ADC	0000	17
		_Tx_Word       		CODE           	64FA	0000	111
		_Set_Line_Low  		CODE           	7BEC	0000	5
		_Set_Line_High 		CODE           	7BF0	0000	5
		_EDD_Init_Comms		CODE           	79FC	0000	23
		_readEddADC    		CODE           	755A	0000	43
		_programUID    		CODE           	1FD8	0000	695
		_Tx_Calibration_Pulses		CODE           	5C9A	0000	151
		_commandResponse		CODE           	512C	0000	205
		_detectFallingEdgeEDD		CODE           	6896	0000	97
		_detectRisingEdgeEDD		CODE           	6C7E	0000	83
		_initialiseEddADC		CODE           	75AC	0000	41
		_EDD_Blast     		CODE           	663E	0000	105
		_rxWordEDD     		CODE           	3ACA	0000	327
		_EDD_Energy_Store		CODE           	6F1A	0000	67
		_EDD_Calibrate 		CODE           	7206	0000	53
		_checkLineForConnectedUIDs		CODE           	670C	0000	101
		_selfCheckUID  		CODE           	0CDA	0000	997
		_readUID       		CODE           	228E	0000	607
		_Tx_0          		CODE           	78EC	0000	27
		_Tx_1          		CODE           	78D2	0000	27
		_eddCommsIsr4  		CODE           	7A26	0000	21
		_eddCommsIsr8  		CODE           	5D30	0000	151

eddComms.c estimated size: 4064

initialise.c
		_initialiseState		CODE           	69B6	0000	95
		_initialiseDetWindows		CODE           	544E	0000	195
		_initialiseTimer0		CODE           	7308	0000	49
		_initialiseTimer1		CODE           	774E	0000	29
		_initialiseTimer2		CODE           	704E	0000	57
		_initialiseTimer4		CODE           	72D6	0000	51
		_initialiseTimer6		CODE           	7016	0000	57
		_initialiseTimer8		CODE           	6FDA	0000	61
		_initialiseWatchDogTimer		CODE           	7A12	0000	21
		_initialiseDetMemory		CODE           	51F8	0000	203
		_initialise    		CODE           	6B80	0000	87
		_initialise12V 		CODE           	7B80	0000	11
		_initialise24V 		CODE           	7B76	0000	11
		_initialisePic 		CODE           	7530	0000	43
		_initialiseStates		CODE           	52C2	0000	201

initialise.c estimated size: 1171

C:\Program Files (x86)\Microchip\xc8\v1.41\sources\common\Umul16.c
		___wmul        		CODE           	7166	0000	55

C:\Program Files (x86)\Microchip\xc8\v1.41\sources\common\Umul16.c estimated size: 55

outgoingMessages.c
		_outgoingMessagesStateHandler		CODE           	61BE	0000	137
		_initialiseModem		CODE           	6A14	0000	93
		_checkOutgoingMessages		CODE           	7BC4	0000	9
		_outgoingMessages		CODE           	6770	0000	101
		_initialiseQueues		CODE           	789E	0000	27

outgoingMessages.c estimated size: 367

readKeyCable.c
		_readS1StateADCSetup		CODE           	7422	0000	47
		_readKeyCable  		CODE           	5B5A	0000	163
		_turnOffCableTest		CODE           	7BE4	0000	5
		_readEDDADC    		CODE           	4A52	0000	231
		_readKeyCableStateHandler		CODE           	595A	0000	175
		_initialiseReadKeyCable		CODE           	7506	0000	43
		_readS1StateADC		CODE           	496C	0000	231
		_readEDDADCSetup		CODE           	7450	0000	47

readKeyCable.c estimated size: 942

program.c
		_program       		CODE           	776A	0000	29
		_programUIDs   		CODE           	1434	0000	829
		_prepareForProgramming		CODE           	6D70	0000	75
		_returnFromProgramming		CODE           	71D2	0000	53
		_programInitialise		CODE           	7B2E	0000	13

program.c estimated size: 999

crc16.c
		_CRC16         		CODE           	3C10	0000	309

crc16.c estimated size: 309

fire.c
		_fire          		CODE           	4B38	0000	227
		_checkForUnfiredEdds		CODE           	24EC	0000	565
		_fireUIDs      		CODE           	36AC	0000	365

fire.c estimated size: 1157

incomingCommands.c
		_incomingCommands		CODE           	6956	0000	97
		_incomingCommandsStateHandler		CODE           	67D4	0000	99

incomingCommands.c estimated size: 196

shared
		i2_initialiseState		CODE           	6BD6	0000	87
		i2_initialiseModem		CODE           	6DBA	0000	75
		i2_checkForExistingUID		CODE           	5EF0	0000	147
		i2_initST7540PPS		CODE           	782E	0000	29
		i2_Set_Line_Low		CODE           	7BF8	0000	5
		i2_WriteConfigST7540		CODE           	6014	0000	147
		i2_ReadConfigST7540		CODE           	41D6	0000	269
		i2_setBlueLed  		CODE           	7BBC	0000	9
		i2_InitST7540  		CODE           	5510	0000	191
		i2___wmul      		CODE           	7648	0000	39
		i2_Set_Line_High		CODE           	7BFC	0000	5
		i2_ppsLock     		CODE           	7866	0000	29
		__initialization		CODE           	5BFC	0000	145
		i2_InitST7540Pins		CODE           	75D4	0000	41
		i2_initialiseStates		CODE           	5DC6	0000	151
		i2_initialiseQueues		CODE           	7954	0000	27
		i2_tagForInterrupt		CODE           	7812	0000	29
		i2_addPacketToOutgoingQueue		CODE           	58AA	0000	177
		i2_initST7540Interrupts		CODE           	79CE	0000	25
		i2__delay_ms   		CODE           	712E	0000	57
		i2__delay_us   		CODE           	7730	0000	31
		i2_reset4SecTimer		CODE           	7AA6	0000	19
		i2_ppsUnlock   		CODE           	784A	0000	29

shared estimated size: 1763

acOr36V.c
		_initialiseACinterrupt		CODE           	7B22	0000	13
		_reset13msTimer		CODE           	7AB8	0000	19
		_reset4SecTimer		CODE           	7A3A	0000	19
		_sec4OverflowIsr		CODE           	799E	0000	25
		_intialiseAcOr36V		CODE           	7B16	0000	13
		_checkPulse    		CODE           	6E4C	0000	73
		_acOr36VISR    		CODE           	77F6	0000	29

acOr36V.c estimated size: 191

shaftTest.c
		_shaftTestStateHandler		CODE           	568A	0000	187
		_readEarthADCSetup		CODE           	7398	0000	47
		_initialiseShaftTest		CODE           	7086	0000	57
		_disengageRelay		CODE           	7BF4	0000	5
		_readCableADC  		CODE           	47A0	0000	231
		_shaftTest     		CODE           	4F88	0000	211
		_readCableADCSetup		CODE           	73C6	0000	47
		_readEarthADC  		CODE           	46BA	0000	231

shaftTest.c estimated size: 1016

bluetooth.c
		_initialiseBluetoothPins		CODE           	7622	0000	39
		_sendPacket    		CODE           	3818	0000	353
		_activateBluetooth		CODE           	719C	0000	55
		_power         		CODE           	62BE	0000	117
		_receiveBluetoothSetup		CODE           	6F9C	0000	63
		_initialiseBluetooth		CODE           	7BCC	0000	7
		_sleepBluetooth		CODE           	7BD2	0000	7
		_checkBluetoothCRC		CODE           	3FA6	0000	285
		_resetBluetooth		CODE           	7906	0000	27
		_readEUSART    		CODE           	7712	0000	31
		_processBTPacket		CODE           	10BE	0000	887
		_bluetoothSetupSwitch		CODE           	70BE	0000	57
		_setDeviceName 		CODE           	3D44	0000	307
		_bluetooth     		CODE           	353C	0000	369
		_bluetoothCRC  		CODE           	3258	0000	371
		_receiveBluetooth		CODE           	538A	0000	197
		_setSlaveMode  		CODE           	747E	0000	47
		_writeEUSART   		CODE           	66A6	0000	103
		_bluetoothStateHandler		CODE           	45D0	0000	235
		_initialiseUART		CODE           	74AC	0000	47

bluetooth.c estimated size: 3604

peripherals.c
		_Delay_500us_X 		CODE           	7B3A	0000	13
		_clearEDDStatusbits		CODE           	1A56	0000	707
		_Delay_100us   		CODE           	7AFA	0000	15
		_writeStructureToEeprom		CODE           	6E94	0000	69
		_us100DelayIsr 		CODE           	7BB4	0000	9
		_msIsr         		CODE           	4DD6	0000	219
		_ppsUnlock     		CODE           	77BE	0000	29
		_readStructureFromEeprom		CODE           	6CD0	0000	81
		_testMemory    		CODE           	0182	0000	2905
		_Delay_ms      		CODE           	68F6	0000	97
		_us100Isr      		CODE           	7B8A	0000	11
		__delay_ms     		CODE           	6E04	0000	73
		__delay_us     		CODE           	766E	0000	37
		_checkForExistingUID		CODE           	5A08	0000	175
		_us500Isr      		CODE           	7B6A	0000	13
		_readByteFromEeprom		CODE           	6D20	0000	81
		_ppsLock       		CODE           	77DA	0000	29
		_Delay_500us   		CODE           	7B46	0000	13
		_writeByteToEeprom		CODE           	641A	0000	113
		_variance      		CODE           	2720	0000	543

peripherals.c estimated size: 5232

main.c
		_device        		CODE           	293E	0000	517
		_main          		CODE           	6836	0000	97
		_isr           		CODE           	0008	0000	375
		_checkStatusBits		CODE           	6A70	0000	93
		_deviceStateHandler		CODE           	1D18	0000	705

main.c estimated size: 1787

readSupply.c
		_readBatteryADCSetup		CODE           	73F4	0000	47
		_readSupplyStateHandler		CODE           	44DE	0000	243
		_readMainsInterval		CODE           	723A	0000	53
		_initialiseReadSupply		CODE           	76B2	0000	33
		_readSupply    		CODE           	505A	0000	211
		_readBatteryADC		CODE           	4886	0000	231

readSupply.c estimated size: 818

currentStateHandler.c
		_stateCounterHandler		CODE           	60A6	0000	143
		_checkCounter  		CODE           	5E5C	0000	149
		_updateStateIds		CODE           	74DA	0000	45
		_currentStateHandler		CODE           	30B4	0000	421

currentStateHandler.c estimated size: 758

led.c
		_setOffLed     		CODE           	7B9C	0000	9
		_setGreenLed   		CODE           	7BA4	0000	9
		_setBlueLed    		CODE           	7BAC	0000	9
		_ledStateHandler		CODE           	2B42	0000	513
		_setRedLed     		CODE           	7B94	0000	9
		_led           		CODE           	3978	0000	339
		_initialiseLed 		CODE           	75FC	0000	39

led.c estimated size: 927

ST7540.c
		_DataReadyST7540		CODE           	7BDE	0000	7
		_PacketDataST7540		CODE           	7B08	0000	15
		_initST7540PPS 		CODE           	77A2	0000	29
		_modemSleep    		CODE           	7AEC	0000	15
		_ReceiveNewDataST7540		CODE           	7A4C	0000	19
		_StartTransmitST7540		CODE           	7986	0000	25
		_PacketReadParamST7540		CODE           	4EB0	0000	217
		_SPIISRHandlerST7540		CODE           	6568	0000	111
		_InitST7540    		CODE           	43E8	0000	247
		_initST7540Interrupts		CODE           	796E	0000	25
		_TransmitBusyST7540		CODE           	7BD8	0000	7
		_ReadConfigST7540		CODE           	3E76	0000	305
		_RXReadyISRHandlerST7540		CODE           	7ACA	0000	19
		_WriteConfigST7540		CODE           	5AB6	0000	165
		_buildMessageST7540		CODE           	1770	0000	743
		_CheckCRCST7540		CODE           	5744	0000	183
		_LineIdleST7540		CODE           	7B52	0000	13
		_InitST7540Pins		CODE           	7584	0000	41

ST7540.c estimated size: 2186

